Archive member included to satisfy reference by file (symbol)

C:\Users\sergio\Documents\LPCXpresso_8.2.2_650\workspace\CMSIS_CORE_LPC17xx\Debug\libCMSIS_CORE_LPC17xx.a(system_LPC17xx.o)
                              ./src/cr_startup_lpc17.o (SystemInit)
c:/nxp/lpcxpresso_8.2.2_650/lpcxpresso/tools/bin/../lib/gcc/arm-none-eabi/5.4.1/../../../../arm-none-eabi/lib/armv7-m\libcr_c.a(memcpy.o)
                              ./RecTrace/trcSnapshotRecorder.o (memcpy)
c:/nxp/lpcxpresso_8.2.2_650/lpcxpresso/tools/bin/../lib/gcc/arm-none-eabi/5.4.1/../../../../arm-none-eabi/lib/armv7-m\libcr_c.a(memset.o)
                              ./RecTrace/trcSnapshotRecorder.o (memset)
c:/nxp/lpcxpresso_8.2.2_650/lpcxpresso/tools/bin/../lib/gcc/arm-none-eabi/5.4.1/../../../../arm-none-eabi/lib/armv7-m\libcr_c.a(__weak__main.o)
                              ./src/cr_startup_lpc17.o (__main)
c:/nxp/lpcxpresso_8.2.2_650/lpcxpresso/tools/bin/../lib/gcc/arm-none-eabi/5.4.1/../../../../arm-none-eabi/lib/armv7-m\libcr_c.a(alloc.o)
                              ./FreeRTOS/portable/heap_3.o (malloc)
c:/nxp/lpcxpresso_8.2.2_650/lpcxpresso/tools/bin/../lib/gcc/arm-none-eabi/5.4.1/../../../../arm-none-eabi/lib/armv7-m\libcr_c.a(fpprintf.o)
                              ./FreeRTOS/tasks.o (sprintf)
c:/nxp/lpcxpresso_8.2.2_650/lpcxpresso/tools/bin/../lib/gcc/arm-none-eabi/5.4.1/../../../../arm-none-eabi/lib/armv7-m\libcr_c.a(itoa.o)
                              ./src/main.o (itoa)
c:/nxp/lpcxpresso_8.2.2_650/lpcxpresso/tools/bin/../lib/gcc/arm-none-eabi/5.4.1/../../../../arm-none-eabi/lib/armv7-m\libcr_c.a(printf.o)
                              c:/nxp/lpcxpresso_8.2.2_650/lpcxpresso/tools/bin/../lib/gcc/arm-none-eabi/5.4.1/../../../../arm-none-eabi/lib/armv7-m\libcr_c.a(fpprintf.o) (__vfprintf)
c:/nxp/lpcxpresso_8.2.2_650/lpcxpresso/tools/bin/../lib/gcc/arm-none-eabi/5.4.1/../../../../arm-none-eabi/lib/armv7-m\libcr_c.a(stdio.o)
                              c:/nxp/lpcxpresso_8.2.2_650/lpcxpresso/tools/bin/../lib/gcc/arm-none-eabi/5.4.1/../../../../arm-none-eabi/lib/armv7-m\libcr_c.a(fpprintf.o) (__Ciob)
c:/nxp/lpcxpresso_8.2.2_650/lpcxpresso/tools/bin/../lib/gcc/arm-none-eabi/5.4.1/../../../../arm-none-eabi/lib/armv7-m\libcr_c.a(stdlib.o)
                              ./src/main.o (rand)
c:/nxp/lpcxpresso_8.2.2_650/lpcxpresso/tools/bin/../lib/gcc/arm-none-eabi/5.4.1/../../../../arm-none-eabi/lib/armv7-m\libcr_c.a(strcat.o)
                              ./src/main.o (strcat)
c:/nxp/lpcxpresso_8.2.2_650/lpcxpresso/tools/bin/../lib/gcc/arm-none-eabi/5.4.1/../../../../arm-none-eabi/lib/armv7-m\libcr_c.a(strcpy.o)
                              ./FreeRTOS/tasks.o (strcpy)
c:/nxp/lpcxpresso_8.2.2_650/lpcxpresso/tools/bin/../lib/gcc/arm-none-eabi/5.4.1/../../../../arm-none-eabi/lib/armv7-m\libcr_c.a(strlen.o)
                              ./src/main.o (strlen)
c:/nxp/lpcxpresso_8.2.2_650/lpcxpresso/tools/bin/../lib/gcc/arm-none-eabi/5.4.1/../../../../arm-none-eabi/lib/armv7-m\libcr_c.a(strncmp.o)
                              ./RecTrace/trcSnapshotRecorder.o (strncmp)
c:/nxp/lpcxpresso_8.2.2_650/lpcxpresso/tools/bin/../lib/gcc/arm-none-eabi/5.4.1/../../../../arm-none-eabi/lib/armv7-m\libcr_c.a(__fillbuf.o)
                              c:/nxp/lpcxpresso_8.2.2_650/lpcxpresso/tools/bin/../lib/gcc/arm-none-eabi/5.4.1/../../../../arm-none-eabi/lib/armv7-m\libcr_c.a(stdio.o) (__filbuf)
c:/nxp/lpcxpresso_8.2.2_650/lpcxpresso/tools/bin/../lib/gcc/arm-none-eabi/5.4.1/../../../../arm-none-eabi/lib/armv7-m\libcr_c.a(__init_alloc.o)
                              c:/nxp/lpcxpresso_8.2.2_650/lpcxpresso/tools/bin/../lib/gcc/arm-none-eabi/5.4.1/../../../../arm-none-eabi/lib/armv7-m\libcr_c.a(alloc.o) (__heaps)
c:/nxp/lpcxpresso_8.2.2_650/lpcxpresso/tools/bin/../lib/gcc/arm-none-eabi/5.4.1/../../../../arm-none-eabi/lib/armv7-m\libcr_c.a(_cr_sbrk.o)
                              c:/nxp/lpcxpresso_8.2.2_650/lpcxpresso/tools/bin/../lib/gcc/arm-none-eabi/5.4.1/../../../../arm-none-eabi/lib/armv7-m\libcr_c.a(alloc.o) (_sbrk)
c:/nxp/lpcxpresso_8.2.2_650/lpcxpresso/tools/bin/../lib/gcc/arm-none-eabi/5.4.1/../../../../arm-none-eabi/lib/armv7-m\libcr_c.a(_deferredlazyseek.o)
                              c:/nxp/lpcxpresso_8.2.2_650/lpcxpresso/tools/bin/../lib/gcc/arm-none-eabi/5.4.1/../../../../arm-none-eabi/lib/armv7-m\libcr_c.a(__fillbuf.o) (_deferredlazyseek)
c:/nxp/lpcxpresso_8.2.2_650/lpcxpresso/tools/bin/../lib/gcc/arm-none-eabi/5.4.1/../../../../arm-none-eabi/lib/armv7-m\libcr_c.a(_fflush.o)
                              c:/nxp/lpcxpresso_8.2.2_650/lpcxpresso/tools/bin/../lib/gcc/arm-none-eabi/5.4.1/../../../../arm-none-eabi/lib/armv7-m\libcr_c.a(__fillbuf.o) (_fflush)
c:/nxp/lpcxpresso_8.2.2_650/lpcxpresso/tools/bin/../lib/gcc/arm-none-eabi/5.4.1/../../../../arm-none-eabi/lib/armv7-m\libcr_c.a(_frexpl.o)
[...]
Memory Configuration

Name             Origin             Length             Attributes
MFlash512        0x00000000         0x00080000         xr
RamLoc32         0x10000000         0x00008000         xrw
RamAHB32         0x2007c000         0x00008000         xrw
*default*        0x00000000         0xffffffff

Linker script and memory map

LOAD ./src/cr_startup_lpc17.o
LOAD ./src/crp.o
LOAD ./src/main.o
LOAD ./RecTrace/trcKernelPort.o
LOAD ./RecTrace/trcSnapshotRecorder.o
LOAD ./RecTrace/trcStreamingPort.o
LOAD ./RecTrace/trcStreamingRecorder.o
LOAD ./FreeRTOS/portable/heap_3.o
LOAD ./FreeRTOS/portable/mpu_wrappers.o
LOAD ./FreeRTOS/portable/port.o
LOAD ./FreeRTOS/croutine.o
LOAD ./FreeRTOS/event_groups.o
LOAD ./FreeRTOS/list.o
LOAD ./FreeRTOS/queue.o
LOAD ./FreeRTOS/stream_buffer.o
LOAD ./FreeRTOS/tasks.o
LOAD ./FreeRTOS/timers.o
LOAD C:\Users\sergio\Documents\LPCXpresso_8.2.2_650\workspace\CMSIS_CORE_LPC17xx\Debug\libCMSIS_CORE_LPC17xx.a
START GROUP
LOAD c:/nxp/lpcxpresso_8.2.2_650/lpcxpresso/tools/bin/../lib/gcc/arm-none-eabi/5.4.1/../../../../arm-none-eabi/lib/armv7-m\libcr_c.a
LOAD c:/nxp/lpcxpresso_8.2.2_650/lpcxpresso/tools/bin/../lib/gcc/arm-none-eabi/5.4.1/armv7-m\libcr_eabihelpers.a
END GROUP
                0x00000000                __base_MFlash512 = 0x0
                0x00000000                __base_Flash = 0x0
                0x00080000                __top_MFlash512 = 0x80000
                0x00080000                __top_Flash = 0x80000
                0x10000000                __base_RamLoc32 = 0x10000000
                0x10000000                __base_RAM = 0x10000000
                0x10008000                __top_RamLoc32 = 0x10008000
                0x10008000                __top_RAM = 0x10008000
                0x2007c000                __base_RamAHB32 = 0x2007c000
                0x2007c000                __base_RAM2 = 0x2007c000
                0x20084000                __top_RamAHB32 = 0x20084000
                0x20084000                __top_RAM2 = 0x20084000

.text           0x00000000     0x5974
 FILL mask 0xff
                0x00000000                __vectors_start__ = ABSOLUTE (.)
 *(.isr_vector)
 .isr_vector    0x00000000       0xcc ./src/cr_startup_lpc17.o
                0x00000000                g_pfnVectors
                0x000000cc                . = ALIGN (0x4)
                0x000000cc                __section_table_start = .
                0x000000cc                __data_section_table = .
                0x000000cc        0x4 LONG 0x5974 LOADADDR (.data)
                0x000000d0        0x4 LONG 0x10000000 ADDR (.data)
                0x000000d4        0x4 LONG 0x100 SIZEOF (.data)
                0x000000d8        0x4 LONG 0x5974 LOADADDR (.data_RAM2)
                0x000000dc        0x4 LONG 0x2007c000 ADDR (.data_RAM2)
                0x000000e0        0x4 LONG 0x0 SIZEOF (.data_RAM2)
                0x000000e4                __data_section_table_end = .
                0x000000e4                __bss_section_table = .
                0x000000e4        0x4 LONG 0x10000100 ADDR (.bss)
                0x000000e8        0x4 LONG 0x1ab0 SIZEOF (.bss)
                0x000000ec        0x4 LONG 0x2007c000 ADDR (.bss_RAM2)
                0x000000f0        0x4 LONG 0x0 SIZEOF (.bss_RAM2)
                0x000000f4                __bss_section_table_end = .
                0x000000f4                __section_table_end = .
 *(.after_vectors*)
                0x000002fc                . = 0x2fc
 *fill*         0x000000f4      0x208 ff
                0x000002fc                PROVIDE (__CRP_WORD_START__, .)
 *(.crp)
 .crp           0x000002fc        0x4 ./src/crp.o
                0x000002fc                CRP_WORD
                0x00000300                PROVIDE (__CRP_WORD_END__, .)
                0x00000001                ASSERT (! ((__CRP_WORD_START__ == __CRP_WORD_END__)), Linker CRP Enabled, but no CRP_WORD provided within application)
 *(.text*)
 .text.ResetISR
                0x00000300       0x58 ./src/cr_startup_lpc17.o
                0x00000300                ResetISR
 .text.NMI_Handler
                0x00000358        0x8 ./src/cr_startup_lpc17.o
                0x00000358                NMI_Handler
 .text.HardFault_Handler
                0x00000360        0x8 ./src/cr_startup_lpc17.o
                0x00000360                HardFault_Handler
 .text.MemManage_Handler
                0x00000368        0x8 ./src/cr_startup_lpc17.o
                0x00000368                MemManage_Handler
 .text.BusFault_Handler
                0x00000370        0x8 ./src/cr_startup_lpc17.o
                0x00000370                BusFault_Handler
 .text.UsageFault_Handler
                0x00000378        0x8 ./src/cr_startup_lpc17.o
                0x00000378                UsageFault_Handler
 .text.DebugMon_Handler
                0x00000380        0x8 ./src/cr_startup_lpc17.o
                0x00000380                DebugMon_Handler
 .text.IntDefaultHandler
                0x00000388        0x8 ./src/cr_startup_lpc17.o
                0x00000388                TIMER2_IRQHandler
                0x00000388                RIT_IRQHandler
                0x00000388                I2C0_IRQHandler
                0x00000388                USBActivity_IRQHandler
                0x00000388                PWM1_IRQHandler
                0x00000388                I2C1_IRQHandler
                0x00000388                EINT2_IRQHandler
                0x00000388                UART1_IRQHandler
                0x00000388                EINT3_IRQHandler
                0x00000388                CANActivity_IRQHandler
                0x00000388                TIMER3_IRQHandler
                0x00000388                UART0_IRQHandler
                0x00000388                IntDefaultHandler
                0x00000388                PLL0_IRQHandler
                0x00000388                CAN_IRQHandler
                0x00000388                PLL1_IRQHandler
                0x00000388                SSP0_IRQHandler
                0x00000388                I2S_IRQHandler
                0x00000388                I2C2_IRQHandler
                0x00000388                RTC_IRQHandler
                0x00000388                TIMER0_IRQHandler
                0x00000388                SPI_IRQHandler
                0x00000388                EINT1_IRQHandler
                0x00000388                TIMER1_IRQHandler
                0x00000388                UART2_IRQHandler
                0x00000388                ADC_IRQHandler
                0x00000388                SSP1_IRQHandler
                0x00000388                USB_IRQHandler
                0x00000388                BOD_IRQHandler
                0x00000388                WDT_IRQHandler
                0x00000388                QEI_IRQHandler
                0x00000388                EINT0_IRQHandler
                0x00000388                DMA_IRQHandler
                0x00000388                UART3_IRQHandler
                0x00000388                MCPWM_IRQHandler
                0x00000388                ENET_IRQHandler
 .text.main     0x00000390      0x114 ./src/main.o
                0x00000390                main
 .text.prvPeriodicSendTask
                0x000004a4       0x5c ./src/main.o
 .text.prvReceiveTask
                0x00000500       0xe4 ./src/main.o
 .text.prvAperiodicSendTask
                0x000005e4       0x94 ./src/main.o
 .text.prvRandomString
                0x00000678       0x94 ./src/main.o
                0x00000678                prvRandomString
 .text.prvToggleLED
                0x0000070c       0x30 ./src/main.o
 .text.UART3_Init
                0x0000073c       0x98 ./src/main.o
                0x0000073c                UART3_Init
 .text.UART_Send
                0x000007d4       0x48 ./src/main.o
                0x000007d4                UART_Send
 .text.vConfigureTimerForRunTimeStats
                0x0000081c       0x78 ./src/main.o
                0x0000081c                vConfigureTimerForRunTimeStats
 .text.prvTraceGetQueueNumber
                0x00000894       0x18 ./RecTrace/trcKernelPort.o
                0x00000894                prvTraceGetQueueNumber
 .text.prvTraceGetQueueType
                0x000008ac       0x18 ./RecTrace/trcKernelPort.o
                0x000008ac                prvTraceGetQueueType
 .text.prvTraceGetTaskNumberLow16
                0x000008c4       0x1c ./RecTrace/trcKernelPort.o
                0x000008c4                prvTraceGetTaskNumberLow16
 .text.prvTraceGetTaskNumberHigh16
                0x000008e0       0x1c ./RecTrace/trcKernelPort.o
                0x000008e0                prvTraceGetTaskNumberHigh16
 .text.prvTraceSetTaskNumberLow16
                0x000008fc       0x2c ./RecTrace/trcKernelPort.o
                0x000008fc                prvTraceSetTaskNumberLow16
 .text.prvTraceSetTaskNumberHigh16
                0x00000928       0x2c ./RecTrace/trcKernelPort.o
                0x00000928                prvTraceSetTaskNumberHigh16
 .text.prvTraceGetQueueNumberLow16
                0x00000954       0x1c ./RecTrace/trcKernelPort.o
                0x00000954                prvTraceGetQueueNumberLow16
 .text.prvTraceGetQueueNumberHigh16
                0x00000970       0x1c ./RecTrace/trcKernelPort.o
                0x00000970                prvTraceGetQueueNumberHigh16
 .text.prvTraceSetQueueNumberLow16
                0x0000098c       0x2c ./RecTrace/trcKernelPort.o
                0x0000098c                prvTraceSetQueueNumberLow16
 .text.prvTraceSetQueueNumberHigh16
                0x000009b8       0x2c ./RecTrace/trcKernelPort.o
                0x000009b8                prvTraceSetQueueNumberHigh16
 .text.prvTraceGetCurrentTaskHandle
                0x000009e4       0x10 ./RecTrace/trcKernelPort.o
                0x000009e4                prvTraceGetCurrentTaskHandle
 .text.vTraceInitObjectPropertyTable
                0x000009f4      0x198 ./RecTrace/trcKernelPort.o
                0x000009f4                vTraceInitObjectPropertyTable
 .text.vTraceInitObjectHandleStack
                0x00000b8c       0xc4 ./RecTrace/trcKernelPort.o
                0x00000b8c                vTraceInitObjectHandleStack
 .text.pszTraceGetErrorNotEnoughHandles
                0x00000c50       0x94 ./RecTrace/trcKernelPort.o
                0x00000c50                pszTraceGetErrorNotEnoughHandles
 .text.vTraceEnable
                0x00000ce4       0x44 ./RecTrace/trcSnapshotRecorder.o
                0x00000ce4                vTraceEnable
 .text.uiTraceStart
                0x00000d28       0xdc ./RecTrace/trcSnapshotRecorder.o
                0x00000d28                uiTraceStart
 .text.vTraceStart
                0x00000e04        0xc ./RecTrace/trcSnapshotRecorder.o
                0x00000e04                vTraceStart
 .text.vTraceStop
                0x00000e10       0x30 ./RecTrace/trcSnapshotRecorder.o
                0x00000e10                vTraceStop
 .text.prvTraceStoreTaskReady
                0x00000e40       0xc8 ./RecTrace/trcSnapshotRecorder.o
                0x00000e40                prvTraceStoreTaskReady
 .text.vTraceStoreMemMangEvent
                0x00000f08      0x110 ./RecTrace/trcSnapshotRecorder.o
                0x00000f08                vTraceStoreMemMangEvent
 .text.prvTraceStoreKernelCall
                0x00001018       0xf4 ./RecTrace/trcSnapshotRecorder.o
                0x00001018                prvTraceStoreKernelCall
 .text.prvTraceStoreKernelCallWithParam
                0x0000110c      0x104 ./RecTrace/trcSnapshotRecorder.o
                0x0000110c                prvTraceStoreKernelCallWithParam
 .text.prvTraceGetParam
                0x00001210       0x78 ./RecTrace/trcSnapshotRecorder.o
 .text.prvTraceStoreKernelCallWithNumericParamOnly
                0x00001288       0xc8 ./RecTrace/trcSnapshotRecorder.o
                0x00001288                prvTraceStoreKernelCallWithNumericParamOnly
 .text.prvTraceStoreTaskswitch
                0x00001350       0xe0 ./RecTrace/trcSnapshotRecorder.o
                0x00001350                prvTraceStoreTaskswitch
 .text.prvTraceSetPriorityProperty
                0x00001430       0x78 ./RecTrace/trcSnapshotRecorder.o
                0x00001430                prvTraceSetPriorityProperty
 .text.prvTraceGetPriorityProperty
                0x000014a8       0x7c ./RecTrace/trcSnapshotRecorder.o
                0x000014a8                prvTraceGetPriorityProperty
 .text.prvTraceSetObjectState
                0x00001524       0x78 ./RecTrace/trcSnapshotRecorder.o
                0x00001524                prvTraceSetObjectState
 .text.prvTraceGetObjectState
                0x0000159c       0x78 ./RecTrace/trcSnapshotRecorder.o
 .text.prvTraceSetTaskInstanceFinished
                0x00001614       0x54 ./RecTrace/trcSnapshotRecorder.o
                0x00001614                prvTraceSetTaskInstanceFinished
 .text.prvTraceInitTraceData
                0x00001668      0x22c ./RecTrace/trcSnapshotRecorder.o
 .text.prvTraceNextFreeEventBufferSlot
                0x00001894       0x48 ./RecTrace/trcSnapshotRecorder.o
 .text.uiIndexOfObject
                0x000018dc       0xb0 ./RecTrace/trcSnapshotRecorder.o
                0x000018dc                uiIndexOfObject
 .text.prvTraceGetObjectHandle
                0x0000198c      0x158 ./RecTrace/trcSnapshotRecorder.o
                0x0000198c                prvTraceGetObjectHandle
 .text.prvMarkObjectAsUsed
                0x00001ae4       0x3c ./RecTrace/trcSnapshotRecorder.o
                0x00001ae4                prvMarkObjectAsUsed
 .text.prvStrncpy
                0x00001b20       0x4c ./RecTrace/trcSnapshotRecorder.o
 .text.prvTraceSetObjectName
                0x00001b6c       0xbc ./RecTrace/trcSnapshotRecorder.o
                0x00001b6c                prvTraceSetObjectName
 .text.prvTraceError
                0x00001c28       0x58 ./RecTrace/trcSnapshotRecorder.o
                0x00001c28                prvTraceError
 .text.prvCheckDataToBeOverwrittenForMultiEntryEvents
                0x00001c80      0x114 ./RecTrace/trcSnapshotRecorder.o
 .text.prvTraceUpdateCounters
                0x00001d94       0x50 ./RecTrace/trcSnapshotRecorder.o
 .text.prvTraceGetDTS
                0x00001de4      0x1b4 ./RecTrace/trcSnapshotRecorder.o
 .text.prvTraceInitCortexM
                0x00001f98       0x6c ./RecTrace/trcSnapshotRecorder.o
                0x00001f98                prvTraceInitCortexM
 .text.prvTracePortGetTimeStamp
                0x00002004       0x94 ./RecTrace/trcSnapshotRecorder.o
                0x00002004                prvTracePortGetTimeStamp
 .text.pvPortMalloc
                0x00002098       0x34 ./FreeRTOS/portable/heap_3.o
                0x00002098                pvPortMalloc
 .text.vPortFree
                0x000020cc       0x30 ./FreeRTOS/portable/heap_3.o
                0x000020cc                vPortFree
 .text.pxPortInitialiseStack
                0x000020fc       0x58 ./FreeRTOS/portable/port.o
                0x000020fc                pxPortInitialiseStack
 .text.prvTaskExitError
                0x00002154       0x30 ./FreeRTOS/portable/port.o
 *fill*         0x00002184        0xc ff
 .text.vPortSVCHandler
                0x00002190       0x28 ./FreeRTOS/portable/port.o
                0x00002190                vPortSVCHandler
 .text.prvPortStartFirstTask
                0x000021b8       0x20 ./FreeRTOS/portable/port.o
 .text.xPortStartScheduler
                0x000021d8       0x40 ./FreeRTOS/portable/port.o
                0x000021d8                xPortStartScheduler
 .text.vPortEnterCritical
                0x00002218       0x30 ./FreeRTOS/portable/port.o
                0x00002218                vPortEnterCritical
 .text.vPortExitCritical
                0x00002248       0x30 ./FreeRTOS/portable/port.o
                0x00002248                vPortExitCritical
 *fill*         0x00002278        0x8 ff
 .text.xPortPendSVHandler
                0x00002280       0x48 ./FreeRTOS/portable/port.o
                0x00002280                xPortPendSVHandler
 .text.xPortSysTickHandler
                0x000022c8       0x40 ./FreeRTOS/portable/port.o
                0x000022c8                xPortSysTickHandler
 .text.vPortSetupTimerInterrupt
                0x00002308       0x44 ./FreeRTOS/portable/port.o
                0x00002308                vPortSetupTimerInterrupt
 .text.vListInitialise
                0x0000234c       0x40 ./FreeRTOS/list.o
                0x0000234c                vListInitialise
 .text.vListInitialiseItem
                0x0000238c       0x18 ./FreeRTOS/list.o
                0x0000238c                vListInitialiseItem
 .text.vListInsertEnd
                0x000023a4       0x48 ./FreeRTOS/list.o
                0x000023a4                vListInsertEnd
 .text.vListInsert
                0x000023ec       0x70 ./FreeRTOS/list.o
                0x000023ec                vListInsert
 .text.uxListRemove
                0x0000245c       0x54 ./FreeRTOS/list.o
                0x0000245c                uxListRemove
 .text.xQueueGenericReset
                0x000024b0       0xb4 ./FreeRTOS/queue.o
                0x000024b0                xQueueGenericReset
 .text.xQueueGenericCreate
                0x00002564       0x90 ./FreeRTOS/queue.o
                0x00002564                xQueueGenericCreate
 .text.prvInitialiseNewQueue
                0x000025f4      0x130 ./FreeRTOS/queue.o
 .text.xQueueGenericSend
                0x00002724      0x370 ./FreeRTOS/queue.o
                0x00002724                xQueueGenericSend
 .text.xQueueReceive
                0x00002a94      0x390 ./FreeRTOS/queue.o
                0x00002a94                xQueueReceive
 .text.uxQueueGetQueueNumber
                0x00002e24       0x18 ./FreeRTOS/queue.o
                0x00002e24                uxQueueGetQueueNumber
 .text.vQueueSetQueueNumber
                0x00002e3c       0x1c ./FreeRTOS/queue.o
                0x00002e3c                vQueueSetQueueNumber
 .text.ucQueueGetQueueType
                0x00002e58       0x18 ./FreeRTOS/queue.o
                0x00002e58                ucQueueGetQueueType
 .text.prvCopyDataToQueue
                0x00002e70       0xd4 ./FreeRTOS/queue.o
 .text.prvCopyDataFromQueue
                0x00002f44       0x4c ./FreeRTOS/queue.o
 .text.prvUnlockQueue
                0x00002f90       0xc0 ./FreeRTOS/queue.o
 .text.prvIsQueueEmpty
                0x00003050       0x2c ./FreeRTOS/queue.o
 .text.prvIsQueueFull
                0x0000307c       0x30 ./FreeRTOS/queue.o
 .text.xQueueCreateSet
                0x000030ac       0x20 ./FreeRTOS/queue.o
                0x000030ac                xQueueCreateSet
 .text.xQueueAddToSet
                0x000030cc       0x44 ./FreeRTOS/queue.o
                0x000030cc                xQueueAddToSet
 .text.xQueueSelectFromSet
                0x00003110       0x28 ./FreeRTOS/queue.o
                0x00003110                xQueueSelectFromSet
 .text.prvNotifyQueueSetContainer
                0x00003138      0x128 ./FreeRTOS/queue.o
 .text.xTaskCreate
                0x00003260       0x84 ./FreeRTOS/tasks.o
                0x00003260                xTaskCreate
 .text.prvInitialiseNewTask
                0x000032e4       0xf4 ./FreeRTOS/tasks.o
 .text.prvAddNewTaskToReadyList
                0x000033d8      0x1a4 ./FreeRTOS/tasks.o
 .text.vTaskDelayUntil
                0x0000357c      0x110 ./FreeRTOS/tasks.o
                0x0000357c                vTaskDelayUntil
 .text.vTaskStartScheduler
                0x0000368c       0x70 ./FreeRTOS/tasks.o
                0x0000368c                vTaskStartScheduler
 .text.vTaskSuspendAll
                0x000036fc       0x1c ./FreeRTOS/tasks.o
                0x000036fc                vTaskSuspendAll
 .text.xTaskResumeAll
                0x00003718      0x144 ./FreeRTOS/tasks.o
                0x00003718                xTaskResumeAll
 .text.xTaskGetTickCount
                0x0000385c       0x1c ./FreeRTOS/tasks.o
                0x0000385c                xTaskGetTickCount
 .text.xTaskIncrementTick
                0x00003878      0x1c0 ./FreeRTOS/tasks.o
                0x00003878                xTaskIncrementTick
 .text.vTaskSwitchContext
                0x00003a38       0xf8 ./FreeRTOS/tasks.o
                0x00003a38                vTaskSwitchContext
 .text.vTaskPlaceOnEventList
                0x00003b30       0x2c ./FreeRTOS/tasks.o
                0x00003b30                vTaskPlaceOnEventList
 .text.xTaskRemoveFromEventList
                0x00003b5c       0xd4 ./FreeRTOS/tasks.o
                0x00003b5c                xTaskRemoveFromEventList
 .text.vTaskInternalSetTimeOutState
                0x00003c30       0x2c ./FreeRTOS/tasks.o
                0x00003c30                vTaskInternalSetTimeOutState
 .text.xTaskCheckForTimeOut
                0x00003c5c       0x8c ./FreeRTOS/tasks.o
                0x00003c5c                xTaskCheckForTimeOut
 .text.vTaskMissedYield
                0x00003ce8       0x18 ./FreeRTOS/tasks.o
                0x00003ce8                vTaskMissedYield
 .text.uxTaskGetTaskNumber
                0x00003d00       0x2c ./FreeRTOS/tasks.o
                0x00003d00                uxTaskGetTaskNumber
 .text.vTaskSetTaskNumber
                0x00003d2c       0x24 ./FreeRTOS/tasks.o
                0x00003d2c                vTaskSetTaskNumber
 .text.prvIdleTask
                0x00003d50       0x10 ./FreeRTOS/tasks.o
 .text.prvInitialiseTaskLists
                0x00003d60       0x80 ./FreeRTOS/tasks.o
 .text.prvCheckTasksWaitingTermination
                0x00003de0       0x58 ./FreeRTOS/tasks.o
 .text.prvDeleteTCB
                0x00003e38       0x20 ./FreeRTOS/tasks.o
 .text.prvResetNextTaskUnblockTime
                0x00003e58       0x48 ./FreeRTOS/tasks.o
 .text.xTaskGetCurrentTaskHandle
                0x00003ea0       0x1c ./FreeRTOS/tasks.o
                0x00003ea0                xTaskGetCurrentTaskHandle
 .text.xTaskPriorityDisinherit
                0x00003ebc      0x150 ./FreeRTOS/tasks.o
                0x00003ebc                xTaskPriorityDisinherit
 .text.prvAddCurrentTaskToDelayedList
                0x0000400c       0xcc ./FreeRTOS/tasks.o
 .text.SystemInit
                0x000040d8       0xe4 C:\Users\sergio\Documents\LPCXpresso_8.2.2_650\workspace\CMSIS_CORE_LPC17xx\Debug\libCMSIS_CORE_LPC17xx.a(system_LPC17xx.o)
                0x000040d8                SystemInit
 .text.memcpy   0x000041bc        0x4 c:/nxp/lpcxpresso_8.2.2_650/lpcxpresso/tools/bin/../lib/gcc/arm-none-eabi/5.4.1/../../../../arm-none-eabi/lib/armv7-m\libcr_c.a(memcpy.o)
                0x000041bc                memcpy
 .text.memset   0x000041c0        0x4 c:/nxp/lpcxpresso_8.2.2_650/lpcxpresso/tools/bin/../lib/gcc/arm-none-eabi/5.4.1/../../../../arm-none-eabi/lib/armv7-m\libcr_c.a(memset.o)
                0x000041c0                memset
 .text.__weak_main
                0x000041c4        0x4 c:/nxp/lpcxpresso_8.2.2_650/lpcxpresso/tools/bin/../lib/gcc/arm-none-eabi/5.4.1/../../../../arm-none-eabi/lib/armv7-m\libcr_c.a(__weak__main.o)
                0x000041c4                __weak_main
                0x000041c4                __main
 .text.malloc   0x000041c8       0xc8 c:/nxp/lpcxpresso_8.2.2_650/lpcxpresso/tools/bin/../lib/gcc/arm-none-eabi/5.4.1/../../../../arm-none-eabi/lib/armv7-m\libcr_c.a(alloc.o)
                0x000041c8                malloc
 .text.free     0x00004290       0x30 c:/nxp/lpcxpresso_8.2.2_650/lpcxpresso/tools/bin/../lib/gcc/arm-none-eabi/5.4.1/../../../../arm-none-eabi/lib/armv7-m\libcr_c.a(alloc.o)
                0x00004290                free
 .text.itoa     0x000042c0       0x5c c:/nxp/lpcxpresso_8.2.2_650/lpcxpresso/tools/bin/../lib/gcc/arm-none-eabi/5.4.1/../../../../arm-none-eabi/lib/armv7-m\libcr_c.a(itoa.o)
                0x000042c0                itoa
 .text.rand     0x0000431c       0x3c c:/nxp/lpcxpresso_8.2.2_650/lpcxpresso/tools/bin/../lib/gcc/arm-none-eabi/5.4.1/../../../../arm-none-eabi/lib/armv7-m\libcr_c.a(stdlib.o)
                0x0000431c                rand
 .text.strcat   0x00004358       0x1e c:/nxp/lpcxpresso_8.2.2_650/lpcxpresso/tools/bin/../lib/gcc/arm-none-eabi/5.4.1/../../../../arm-none-eabi/lib/armv7-m\libcr_c.a(strcat.o)
                0x00004358                strcat
 .text.strlen   0x00004376       0x4a c:/nxp/lpcxpresso_8.2.2_650/lpcxpresso/tools/bin/../lib/gcc/arm-none-eabi/5.4.1/../../../../arm-none-eabi/lib/armv7-m\libcr_c.a(strlen.o)
                0x00004376                strlen
 .text._sbrk    0x000043c0       0x40 c:/nxp/lpcxpresso_8.2.2_650/lpcxpresso/tools/bin/../lib/gcc/arm-none-eabi/5.4.1/../../../../arm-none-eabi/lib/armv7-m\libcr_c.a(_cr_sbrk.o)
                0x000043c0                _sbrk
 .text.__check_heap_overflow
                0x00004400       0x18 c:/nxp/lpcxpresso_8.2.2_650/lpcxpresso/tools/bin/../lib/gcc/arm-none-eabi/5.4.1/../../../../arm-none-eabi/lib/armv7-m\libcr_c.a(_cr_check_heap.o)
                0x00004400                __check_heap_overflow
 .text.__aeabi_memcpy
                0x00004418       0x34 c:/nxp/lpcxpresso_8.2.2_650/lpcxpresso/tools/bin/../lib/gcc/arm-none-eabi/5.4.1/armv7-m\libcr_eabihelpers.a(memcpy.o)
                0x00004418                __aeabi_memcpy
                0x00004422                __aeabi_memcpy8
                0x00004422                __aeabi_memcpy4
 .text.__aeabi_memset_lowlevel
                0x0000444c       0x32 c:/nxp/lpcxpresso_8.2.2_650/lpcxpresso/tools/bin/../lib/gcc/arm-none-eabi/5.4.1/armv7-m\libcr_eabihelpers.a(memcpy.o)
                0x0000444c                __aeabi_lowlevel_memset
 *(.rodata .rodata.* .constdata .constdata.*)
 *fill*         0x0000447e        0x2 ff
 .rodata        0x00004480       0x5f ./src/main.o
 *fill*         0x000044df        0x1 ff
 .rodata        0x000044e0      0x2fe ./RecTrace/trcKernelPort.o
 *fill*         0x000047de        0x2 ff
 .rodata        0x000047e0     0x1150 ./RecTrace/trcSnapshotRecorder.o
 .rodata        0x00005930       0x30 ./FreeRTOS/tasks.o
 .rodata.digits
                0x00005960       0x11 c:/nxp/lpcxpresso_8.2.2_650/lpcxpresso/tools/bin/../lib/gcc/arm-none-eabi/5.4.1/../../../../arm-none-eabi/lib/armv7-m\libcr_c.a(itoa.o)
                0x00005974                . = ALIGN (0x4)
 *fill*         0x00005971        0x3 ff

.glue_7         0x00005974        0x0
 .glue_7        0x00005974        0x0 linker stubs

.glue_7t        0x00005974        0x0
 .glue_7t       0x00005974        0x0 linker stubs

.vfp11_veneer   0x00005974        0x0
 .vfp11_veneer  0x00005974        0x0 linker stubs

.v4_bx          0x00005974        0x0
 .v4_bx         0x00005974        0x0 linker stubs

.iplt           0x00005974        0x0
 .iplt          0x00005974        0x0 ./src/cr_startup_lpc17.o

.rel.dyn        0x00005974        0x0
 .rel.iplt      0x00005974        0x0 ./src/cr_startup_lpc17.o

.ARM.extab
 *(.ARM.extab* .gnu.linkonce.armextab.*)
                0x00005974                __exidx_start = .

.ARM.exidx
 *(.ARM.exidx* .gnu.linkonce.armexidx.*)
                0x00005974                __exidx_end = .
                0x00005974                _etext = .

.data_RAM2      0x2007c000        0x0 load address 0x00005974
 FILL mask 0xff
                [!provide]                PROVIDE (__start_data_RAM2, .)
 *(.ramfunc.$RAM2)
 *(.ramfunc.$RamAHB32)
 *(.data.$RAM2*)
 *(.data.$RamAHB32*)
                0x2007c000                . = ALIGN (0x4)
                [!provide]                PROVIDE (__end_data_RAM2, .)

.uninit_RESERVED
                0x10000000        0x0
 *(.bss.$RESERVED*)
                0x10000000                . = ALIGN (0x4)
                0x10000000                _end_uninit_RESERVED = .

.data           0x10000000      0x100 load address 0x00005974
 FILL mask 0xff
                0x10000000                _data = .
 *(vtable)
 *(.ramfunc*)
 *(.data*)
 .data.leters.6111
                0x10000000        0x4 ./src/main.o
 .data.TraceQueueClassTable
                0x10000004        0x5 ./RecTrace/trcKernelPort.o
                0x10000004                TraceQueueClassTable
 *fill*         0x10000009        0x3 ff
 .data.readyEventsEnabled
                0x1000000c        0x4 ./RecTrace/trcSnapshotRecorder.o
 .data.CurrentFilterMask
                0x10000010        0x2 ./RecTrace/trcSnapshotRecorder.o
                0x10000010                CurrentFilterMask
 .data.CurrentFilterGroup
                0x10000012        0x2 ./RecTrace/trcSnapshotRecorder.o
                0x10000012                CurrentFilterGroup
 .data.uxCriticalNesting
                0x10000014        0x4 ./FreeRTOS/portable/port.o
 .data.SystemCoreClock
                0x10000018        0x4 C:\Users\sergio\Documents\LPCXpresso_8.2.2_650\workspace\CMSIS_CORE_LPC17xx\Debug\libCMSIS_CORE_LPC17xx.a(system_LPC17xx.o)
                0x10000018                SystemCoreClock
 .data._random_number_seed
                0x1000001c       0xdc c:/nxp/lpcxpresso_8.2.2_650/lpcxpresso/tools/bin/../lib/gcc/arm-none-eabi/5.4.1/../../../../arm-none-eabi/lib/armv7-m\libcr_c.a(stdlib.o)
 .data._random_j
                0x100000f8        0x4 c:/nxp/lpcxpresso_8.2.2_650/lpcxpresso/tools/bin/../lib/gcc/arm-none-eabi/5.4.1/../../../../arm-none-eabi/lib/armv7-m\libcr_c.a(stdlib.o)
 .data._random_k
                0x100000fc        0x4 c:/nxp/lpcxpresso_8.2.2_650/lpcxpresso/tools/bin/../lib/gcc/arm-none-eabi/5.4.1/../../../../arm-none-eabi/lib/armv7-m\libcr_c.a(stdlib.o)
                0x10000100                . = ALIGN (0x4)
                0x10000100                _edata = .

.igot.plt       0x10000100        0x0 load address 0x00005a74
 .igot.plt      0x10000100        0x0 ./src/cr_startup_lpc17.o

.bss_RAM2       0x2007c000        0x0
                [!provide]                PROVIDE (__start_bss_RAM2, .)
 *(.bss.$RAM2*)
 *(.bss.$RamAHB32*)
                0x2007c000                . = ALIGN ((. != 0x0)?0x4:0x1)
                [!provide]                PROVIDE (__end_bss_RAM2, .)

.bss            0x10000100     0x1ab0
                0x10000100                _bss = .
 *(.bss*)
 .bss.xTempQueue
                0x10000100        0x4 ./src/main.o
 .bss.xUserQueue
                0x10000104        0x4 ./src/main.o
 .bss.xActivatedQueue
                0x10000108        0x4 ./src/main.o
                0x10000108                xActivatedQueue
 .bss.xQueueSet
                0x1000010c        0x4 ./src/main.o
                0x1000010c                xQueueSet
 .bss.isPendingContextSwitch
                0x10000110        0x4 ./RecTrace/trcSnapshotRecorder.o
                0x10000110                isPendingContextSwitch
 .bss.uiTraceTickCount
                0x10000114        0x4 ./RecTrace/trcSnapshotRecorder.o
                0x10000114                uiTraceTickCount
 .bss.trace_disable_timestamp
                0x10000118        0x4 ./RecTrace/trcSnapshotRecorder.o
                0x10000118                trace_disable_timestamp
 .bss.last_timestamp
                0x1000011c        0x4 ./RecTrace/trcSnapshotRecorder.o
 .bss.recorder_busy
                0x10000120        0x4 ./RecTrace/trcSnapshotRecorder.o
                0x10000120                recorder_busy
 .bss.timestampFrequency
                0x10000124        0x4 ./RecTrace/trcSnapshotRecorder.o
                0x10000124                timestampFrequency
 .bss.traceErrorMessage
                0x10000128        0x4 ./RecTrace/trcSnapshotRecorder.o
                0x10000128                traceErrorMessage
 .bss.handle_of_last_logged_task
                0x1000012c        0x1 ./RecTrace/trcSnapshotRecorder.o
                0x1000012c                handle_of_last_logged_task
 *fill*         0x1000012d        0x3 
 .bss.vTraceStopHookPtr
                0x10000130        0x4 ./RecTrace/trcSnapshotRecorder.o
                0x10000130                vTraceStopHookPtr
 .bss.heapMemUsage
                0x10000134        0x4 ./RecTrace/trcSnapshotRecorder.o
 .bss.objectHandleStacks
                0x10000138       0x8a ./RecTrace/trcSnapshotRecorder.o
                0x10000138                objectHandleStacks
 *fill*         0x100001c2        0x2 
 .bss.init_hwtc_count
                0x100001c4        0x4 ./RecTrace/trcSnapshotRecorder.o
                0x100001c4                init_hwtc_count
 .bss.RecorderData
                0x100001c8     0x18b8 ./RecTrace/trcSnapshotRecorder.o
                0x100001c8                RecorderData
 .bss.RecorderDataPtr
                0x10001a80        0x4 ./RecTrace/trcSnapshotRecorder.o
                0x10001a80                RecorderDataPtr
 .bss.indexOfHandle.5909
                0x10001a84        0x4 ./RecTrace/trcSnapshotRecorder.o
 .bss.idx.5936  0x10001a88        0x2 ./RecTrace/trcSnapshotRecorder.o
 *fill*         0x10001a8a        0x2 
 .bss.old_timestamp.5972
                0x10001a8c        0x4 ./RecTrace/trcSnapshotRecorder.o
 .bss.last_hwtc_count.6010
                0x10001a90        0x4 ./RecTrace/trcSnapshotRecorder.o
 .bss.last_hwtc_rest.6012
                0x10001a94        0x4 ./RecTrace/trcSnapshotRecorder.o
 .bss.pxCurrentTCB
                0x10001a98        0x4 ./FreeRTOS/tasks.o
                0x10001a98                pxCurrentTCB
 .bss.pxReadyTasksLists
                0x10001a9c       0x64 ./FreeRTOS/tasks.o
 .bss.xDelayedTaskList1
                0x10001b00       0x14 ./FreeRTOS/tasks.o
 .bss.xDelayedTaskList2
                0x10001b14       0x14 ./FreeRTOS/tasks.o
 .bss.pxDelayedTaskList
                0x10001b28        0x4 ./FreeRTOS/tasks.o
 .bss.pxOverflowDelayedTaskList
                0x10001b2c        0x4 ./FreeRTOS/tasks.o
 .bss.xPendingReadyList
                0x10001b30       0x14 ./FreeRTOS/tasks.o
 .bss.xTasksWaitingTermination
                0x10001b44       0x14 ./FreeRTOS/tasks.o
 .bss.uxDeletedTasksWaitingCleanUp
                0x10001b58        0x4 ./FreeRTOS/tasks.o
 .bss.xSuspendedTaskList
                0x10001b5c       0x14 ./FreeRTOS/tasks.o
 .bss.uxCurrentNumberOfTasks
                0x10001b70        0x4 ./FreeRTOS/tasks.o
 .bss.xTickCount
                0x10001b74        0x4 ./FreeRTOS/tasks.o
 .bss.uxTopReadyPriority
                0x10001b78        0x4 ./FreeRTOS/tasks.o
 .bss.xSchedulerRunning
                0x10001b7c        0x4 ./FreeRTOS/tasks.o
 .bss.uxPendedTicks
                0x10001b80        0x4 ./FreeRTOS/tasks.o
 .bss.xYieldPending
                0x10001b84        0x4 ./FreeRTOS/tasks.o
 .bss.xNumOfOverflows
                0x10001b88        0x4 ./FreeRTOS/tasks.o
 .bss.uxTaskNumber
                0x10001b8c        0x4 ./FreeRTOS/tasks.o
 .bss.xNextTaskUnblockTime
                0x10001b90        0x4 ./FreeRTOS/tasks.o
 .bss.xIdleTaskHandle
                0x10001b94        0x4 ./FreeRTOS/tasks.o
 .bss.uxSchedulerSuspended
                0x10001b98        0x4 ./FreeRTOS/tasks.o
 .bss.ulTaskSwitchedInTime
                0x10001b9c        0x4 ./FreeRTOS/tasks.o
 .bss.ulTotalRunTime
                0x10001ba0        0x4 ./FreeRTOS/tasks.o
 .bss.__heaps   0x10001ba4        0x4 c:/nxp/lpcxpresso_8.2.2_650/lpcxpresso/tools/bin/../lib/gcc/arm-none-eabi/5.4.1/../../../../arm-none-eabi/lib/armv7-m\libcr_c.a(__init_alloc.o)
                0x10001ba4                __heaps
 .bss.__end_of_heap
                0x10001ba8        0x4 c:/nxp/lpcxpresso_8.2.2_650/lpcxpresso/tools/bin/../lib/gcc/arm-none-eabi/5.4.1/../../../../arm-none-eabi/lib/armv7-m\libcr_c.a(__init_alloc.o)
                0x10001ba8                __end_of_heap
 .bss.errno     0x10001bac        0x4 c:/nxp/lpcxpresso_8.2.2_650/lpcxpresso/tools/bin/../lib/gcc/arm-none-eabi/5.4.1/../../../../arm-none-eabi/lib/armv7-m\libcr_c.a(errno.o)
                0x10001bac                errno
 *(COMMON)
                0x10001bb0                . = ALIGN (0x4)
                0x10001bb0                _ebss = .
                [!provide]                PROVIDE (end, .)

.noinit_RAM2    0x2007c000        0x0
 *(.noinit.$RAM2*)
 *(.noinit.$RamAHB32*)
                0x2007c000                . = ALIGN (0x4)

.noinit         0x10001bb0        0x0
                0x10001bb0                _noinit = .
 *(.noinit*)
                0x10001bb0                . = ALIGN (0x4)
                0x10001bb0                _end_noinit = .
                0x10001bb0                PROVIDE (_pvHeapStart, DEFINED (__user_heap_base)?__user_heap_base:.)
                0x10008000                PROVIDE (_vStackTop, DEFINED (__user_stack_top)?__user_stack_top:(__top_RamLoc32 - 0x0))
                [!provide]                PROVIDE (__valid_user_code_checksum, (0x0 - ((((((_vStackTop + (ResetISR + 0x1)) + (NMI_Handler + 0x1)) + (HardFault_Handler + 0x1)) + (DEFINED (MemManage_Handler)?MemManage_Handler:0x0 + 0x1)) + (DEFINED (BusFault_Handler)?BusFault_Handler:0x0 + 0x1)) + (DEFINED (UsageFault_Handler)?UsageFault_Handler:0x0 + 0x1))))
OUTPUT(SOTp3_Embds.axf elf32-littlearm)

.debug_info     0x00000000     0x74b5
 .debug_info    0x00000000      0x1bd ./src/cr_startup_lpc17.o
 .debug_info    0x000001bd       0x3f ./src/crp.o
 .debug_info    0x000001fc      0xce8 ./src/main.o
 .debug_info    0x00000ee4      0xa40 ./RecTrace/trcKernelPort.o
 .debug_info    0x00001924     0x220b ./RecTrace/trcSnapshotRecorder.o
 .debug_info    0x00003b2f      0x112 ./FreeRTOS/portable/heap_3.o
 .debug_info    0x00003c41      0x306 ./FreeRTOS/portable/port.o
 .debug_info    0x00003f47      0x2c2 ./FreeRTOS/list.o
 .debug_info    0x00004209     0x12f4 ./FreeRTOS/queue.o
 .debug_info    0x000054fd     0x1ca0 ./FreeRTOS/tasks.o
 .debug_info    0x0000719d      0x318 C:\Users\sergio\Documents\LPCXpresso_8.2.2_650\workspace\CMSIS_CORE_LPC17xx\Debug\libCMSIS_CORE_LPC17xx.a(system_LPC17xx.o)

.debug_abbrev   0x00000000     0x1231
 .debug_abbrev  0x00000000       0xb9 ./src/cr_startup_lpc17.o
 .debug_abbrev  0x000000b9       0x36 ./src/crp.o
 .debug_abbrev  0x000000ef      0x251 ./src/main.o
 .debug_abbrev  0x00000340      0x196 ./RecTrace/trcKernelPort.o
 .debug_abbrev  0x000004d6      0x33d ./RecTrace/trcSnapshotRecorder.o
 .debug_abbrev  0x00000813       0xbc ./FreeRTOS/portable/heap_3.o
 .debug_abbrev  0x000008cf      0x1de ./FreeRTOS/portable/port.o
 .debug_abbrev  0x00000aad       0xdb ./FreeRTOS/list.o
 .debug_abbrev  0x00000b88      0x2b9 ./FreeRTOS/queue.o
 .debug_abbrev  0x00000e41      0x30a ./FreeRTOS/tasks.o
 .debug_abbrev  0x0000114b       0xe6 C:\Users\sergio\Documents\LPCXpresso_8.2.2_650\workspace\CMSIS_CORE_LPC17xx\Debug\libCMSIS_CORE_LPC17xx.a(system_LPC17xx.o)

.debug_aranges  0x00000000      0x830
 .debug_aranges
                0x00000000       0x70 ./src/cr_startup_lpc17.o
 .debug_aranges
                0x00000070       0x18 ./src/crp.o
 .debug_aranges
                0x00000088       0x68 ./src/main.o
 .debug_aranges
                0x000000f0       0xf0 ./RecTrace/trcKernelPort.o
 .debug_aranges
                0x000001e0      0x208 ./RecTrace/trcSnapshotRecorder.o
 .debug_aranges
                0x000003e8       0x28 ./FreeRTOS/portable/heap_3.o
 .debug_aranges
                0x00000410       0x70 ./FreeRTOS/portable/port.o
 .debug_aranges
                0x00000480       0x40 ./FreeRTOS/list.o
 .debug_aranges
                0x000004c0      0x148 ./FreeRTOS/queue.o
 .debug_aranges
                0x00000608      0x200 ./FreeRTOS/tasks.o
 .debug_aranges
                0x00000808       0x28 C:\Users\sergio\Documents\LPCXpresso_8.2.2_650\workspace\CMSIS_CORE_LPC17xx\Debug\libCMSIS_CORE_LPC17xx.a(system_LPC17xx.o)

.debug_ranges   0x00000000      0x778
 .debug_ranges  0x00000000       0x60 ./src/cr_startup_lpc17.o
 .debug_ranges  0x00000060       0x58 ./src/main.o
 .debug_ranges  0x000000b8       0xe0 ./RecTrace/trcKernelPort.o
 .debug_ranges  0x00000198      0x1f8 ./RecTrace/trcSnapshotRecorder.o
 .debug_ranges  0x00000390       0x18 ./FreeRTOS/portable/heap_3.o
 .debug_ranges  0x000003a8       0x60 ./FreeRTOS/portable/port.o
 .debug_ranges  0x00000408       0x30 ./FreeRTOS/list.o
 .debug_ranges  0x00000438      0x138 ./FreeRTOS/queue.o
 .debug_ranges  0x00000570      0x1f0 ./FreeRTOS/tasks.o
 .debug_ranges  0x00000760       0x18 C:\Users\sergio\Documents\LPCXpresso_8.2.2_650\workspace\CMSIS_CORE_LPC17xx\Debug\libCMSIS_CORE_LPC17xx.a(system_LPC17xx.o)

.debug_macro    0x00000000     0x5583
 .debug_macro   0x00000000       0x52 ./src/cr_startup_lpc17.o
 .debug_macro   0x00000052      0x88c ./src/cr_startup_lpc17.o
 .debug_macro   0x000008de       0x10 ./src/cr_startup_lpc17.o
 .debug_macro   0x000008ee      0x12d ./src/cr_startup_lpc17.o
 .debug_macro   0x00000a1b      0x5b2 ./src/cr_startup_lpc17.o
 .debug_macro   0x00000fcd       0x1a ./src/crp.o
 .debug_macro   0x00000fe7       0x34 ./src/crp.o
 .debug_macro   0x0000101b      0x1ab ./src/main.o
 .debug_macro   0x000011c6       0xc4 ./src/main.o
 .debug_macro   0x0000128a       0x10 ./src/main.o
 .debug_macro   0x0000129a       0x1c ./src/main.o
 .debug_macro   0x000012b6       0x3a ./src/main.o
 .debug_macro   0x000012f0       0x2d ./src/main.o
 .debug_macro   0x0000131d      0xbb1 ./src/main.o
 .debug_macro   0x00001ece      0x2c7 ./src/main.o
 .debug_macro   0x00002195      0x13b ./src/main.o
 .debug_macro   0x000022d0       0x1c ./src/main.o
 .debug_macro   0x000022ec      0x13f ./src/main.o
 .debug_macro   0x0000242b       0x6a ./src/main.o
 .debug_macro   0x00002495       0xdd ./src/main.o
 .debug_macro   0x00002572       0x88 ./src/main.o
 .debug_macro   0x000025fa      0xa0b ./src/main.o
 .debug_macro   0x00003005      0x1b8 ./src/main.o
 .debug_macro   0x000031bd      0x15a ./src/main.o
 .debug_macro   0x00003317       0xd6 ./src/main.o
 .debug_macro   0x000033ed       0x10 ./src/main.o
 .debug_macro   0x000033fd       0x1f ./src/main.o
 .debug_macro   0x0000341c      0x2e9 ./src/main.o
 .debug_macro   0x00003705       0xb5 ./src/main.o
 .debug_macro   0x000037ba       0x8c ./src/main.o
 .debug_macro   0x00003846       0x86 ./src/main.o
 .debug_macro   0x000038cc      0x180 ./RecTrace/trcKernelPort.o
 .debug_macro   0x00003a4c       0x16 ./RecTrace/trcKernelPort.o
 .debug_macro   0x00003a62       0x91 ./RecTrace/trcKernelPort.o
 .debug_macro   0x00003af3      0x15b ./RecTrace/trcSnapshotRecorder.o
 .debug_macro   0x00003c4e       0x16 ./RecTrace/trcSnapshotRecorder.o
 .debug_macro   0x00003c64       0x10 ./RecTrace/trcSnapshotRecorder.o
 .debug_macro   0x00003c74      0x141 ./RecTrace/trcSnapshotRecorder.o
 .debug_macro   0x00003db5      0x494 ./RecTrace/trcSnapshotRecorder.o
 .debug_macro   0x00004249      0x16f ./FreeRTOS/portable/heap_3.o
 .debug_macro   0x000043b8       0x28 ./FreeRTOS/portable/heap_3.o
 .debug_macro   0x000043e0      0x1f1 ./FreeRTOS/portable/port.o
 .debug_macro   0x000045d1      0x154 ./FreeRTOS/list.o
 .debug_macro   0x00004725      0x1bd ./FreeRTOS/queue.o
 .debug_macro   0x000048e2      0x23e ./FreeRTOS/tasks.o
 .debug_macro   0x00004b20       0x10 ./FreeRTOS/tasks.o
 .debug_macro   0x00004b30       0x9a ./FreeRTOS/tasks.o
 .debug_macro   0x00004bca      0x12d C:\Users\sergio\Documents\LPCXpresso_8.2.2_650\workspace\CMSIS_CORE_LPC17xx\Debug\libCMSIS_CORE_LPC17xx.a(system_LPC17xx.o)
 .debug_macro   0x00004cf7      0x88c C:\Users\sergio\Documents\LPCXpresso_8.2.2_650\workspace\CMSIS_CORE_LPC17xx\Debug\libCMSIS_CORE_LPC17xx.a(system_LPC17xx.o)

.debug_line     0x00000000     0x4dae
 .debug_line    0x00000000      0x256 ./src/cr_startup_lpc17.o
 .debug_line    0x00000256       0x78 ./src/crp.o
 .debug_line    0x000002ce      0x5b7 ./src/main.o
 .debug_line    0x00000885      0x6a7 ./RecTrace/trcKernelPort.o
 .debug_line    0x00000f2c      0xff7 ./RecTrace/trcSnapshotRecorder.o
 .debug_line    0x00001f23      0x499 ./FreeRTOS/portable/heap_3.o
 .debug_line    0x000023bc      0x57e ./FreeRTOS/portable/port.o
 .debug_line    0x0000293a      0x4d4 ./FreeRTOS/list.o
 .debug_line    0x00002e0e      0xc6b ./FreeRTOS/queue.o
 .debug_line    0x00003a79     0x1119 ./FreeRTOS/tasks.o
 .debug_line    0x00004b92      0x21c C:\Users\sergio\Documents\LPCXpresso_8.2.2_650\workspace\CMSIS_CORE_LPC17xx\Debug\libCMSIS_CORE_LPC17xx.a(system_LPC17xx.o)

.debug_str      0x00000000    0x1d345
 .debug_str     0x00000000     0x3d22 ./src/cr_startup_lpc17.o
                               0x3dad (size before relaxing)
 .debug_str     0x00003d22       0xe9 ./src/crp.o
                               0x25d8 (size before relaxing)
 .debug_str     0x00003e0b    0x145b1 ./src/main.o
                              0x182b7 (size before relaxing)
 .debug_str     0x000183bc      0xfbf ./RecTrace/trcKernelPort.o
                              0x186e7 (size before relaxing)
 .debug_str     0x0001937b     0x1477 ./RecTrace/trcSnapshotRecorder.o
                              0x17c30 (size before relaxing)
 .debug_str     0x0001a7f2      0x101 ./FreeRTOS/portable/heap_3.o
                              0x170d3 (size before relaxing)
 .debug_str     0x0001a8f3      0x685 ./FreeRTOS/portable/port.o
                              0x176af (size before relaxing)
 .debug_str     0x0001af78      0x129 ./FreeRTOS/list.o
                              0x16bdd (size before relaxing)
 .debug_str     0x0001b0a1      0x85b ./FreeRTOS/queue.o
                              0x1824b (size before relaxing)
 .debug_str     0x0001b8fc     0x1647 ./FreeRTOS/tasks.o
                              0x19214 (size before relaxing)
 .debug_str     0x0001cf43      0x402 C:\Users\sergio\Documents\LPCXpresso_8.2.2_650\workspace\CMSIS_CORE_LPC17xx\Debug\libCMSIS_CORE_LPC17xx.a(system_LPC17xx.o)
                               0x99ba (size before relaxing)

.comment        0x00000000       0xdc
 .comment       0x00000000       0x6e ./src/cr_startup_lpc17.o
                                 0x6f (size before relaxing)
 .comment       0x0000006e       0x6f ./src/crp.o
 .comment       0x0000006e       0x6f ./src/main.o
 .comment       0x0000006e       0x6f ./RecTrace/trcKernelPort.o
 .comment       0x0000006e       0x6f ./RecTrace/trcSnapshotRecorder.o
 .comment       0x0000006e       0x6f ./FreeRTOS/portable/heap_3.o
 .comment       0x0000006e       0x6f ./FreeRTOS/portable/port.o
 .comment       0x0000006e       0x6f ./FreeRTOS/list.o
 .comment       0x0000006e       0x6f ./FreeRTOS/queue.o
 .comment       0x0000006e       0x6f ./FreeRTOS/tasks.o
 .comment       0x0000006e       0x6f C:\Users\sergio\Documents\LPCXpresso_8.2.2_650\workspace\CMSIS_CORE_LPC17xx\Debug\libCMSIS_CORE_LPC17xx.a(system_LPC17xx.o)
 .comment       0x0000006e       0x6e c:/nxp/lpcxpresso_8.2.2_650/lpcxpresso/tools/bin/../lib/gcc/arm-none-eabi/5.4.1/../../../../arm-none-eabi/lib/armv7-m\libcr_c.a(memcpy.o)
                                 0x6f (size before relaxing)
 .comment       0x000000dc       0x6f c:/nxp/lpcxpresso_8.2.2_650/lpcxpresso/tools/bin/../lib/gcc/arm-none-eabi/5.4.1/../../../../arm-none-eabi/lib/armv7-m\libcr_c.a(memset.o)
 .comment       0x000000dc       0x6f c:/nxp/lpcxpresso_8.2.2_650/lpcxpresso/tools/bin/../lib/gcc/arm-none-eabi/5.4.1/../../../../arm-none-eabi/lib/armv7-m\libcr_c.a(__weak__main.o)
 .comment       0x000000dc       0x6f c:/nxp/lpcxpresso_8.2.2_650/lpcxpresso/tools/bin/../lib/gcc/arm-none-eabi/5.4.1/../../../../arm-none-eabi/lib/armv7-m\libcr_c.a(alloc.o)
 .comment       0x000000dc       0x6f c:/nxp/lpcxpresso_8.2.2_650/lpcxpresso/tools/bin/../lib/gcc/arm-none-eabi/5.4.1/../../../../arm-none-eabi/lib/armv7-m\libcr_c.a(itoa.o)
 .comment       0x000000dc       0x6f c:/nxp/lpcxpresso_8.2.2_650/lpcxpresso/tools/bin/../lib/gcc/arm-none-eabi/5.4.1/../../../../arm-none-eabi/lib/armv7-m\libcr_c.a(stdlib.o)
 .comment       0x000000dc       0x6f c:/nxp/lpcxpresso_8.2.2_650/lpcxpresso/tools/bin/../lib/gcc/arm-none-eabi/5.4.1/../../../../arm-none-eabi/lib/armv7-m\libcr_c.a(strcat.o)
 .comment       0x000000dc       0x6f c:/nxp/lpcxpresso_8.2.2_650/lpcxpresso/tools/bin/../lib/gcc/arm-none-eabi/5.4.1/../../../../arm-none-eabi/lib/armv7-m\libcr_c.a(strlen.o)
 .comment       0x000000dc       0x6f c:/nxp/lpcxpresso_8.2.2_650/lpcxpresso/tools/bin/../lib/gcc/arm-none-eabi/5.4.1/../../../../arm-none-eabi/lib/armv7-m\libcr_c.a(__init_alloc.o)
 .comment       0x000000dc       0x6f c:/nxp/lpcxpresso_8.2.2_650/lpcxpresso/tools/bin/../lib/gcc/arm-none-eabi/5.4.1/../../../../arm-none-eabi/lib/armv7-m\libcr_c.a(_cr_sbrk.o)
 .comment       0x000000dc       0x6f c:/nxp/lpcxpresso_8.2.2_650/lpcxpresso/tools/bin/../lib/gcc/arm-none-eabi/5.4.1/../../../../arm-none-eabi/lib/armv7-m\libcr_c.a(errno.o)
 .comment       0x000000dc       0x6f c:/nxp/lpcxpresso_8.2.2_650/lpcxpresso/tools/bin/../lib/gcc/arm-none-eabi/5.4.1/../../../../arm-none-eabi/lib/armv7-m\libcr_c.a(_cr_check_heap.o)

.ARM.attributes
                0x00000000       0x31
 .ARM.attributes
                0x00000000       0x33 ./src/cr_startup_lpc17.o
 .ARM.attributes
                0x00000033       0x33 ./src/crp.o
 .ARM.attributes
                0x00000066       0x33 ./src/main.o
 .ARM.attributes
                0x00000099       0x33 ./RecTrace/trcKernelPort.o
 .ARM.attributes
                0x000000cc       0x33 ./RecTrace/trcSnapshotRecorder.o
 .ARM.attributes
                0x000000ff       0x33 ./FreeRTOS/portable/heap_3.o
 .ARM.attributes
                0x00000132       0x33 ./FreeRTOS/portable/port.o
 .ARM.attributes
                0x00000165       0x33 ./FreeRTOS/list.o
 .ARM.attributes
                0x00000198       0x33 ./FreeRTOS/queue.o
 .ARM.attributes
                0x000001cb       0x33 ./FreeRTOS/tasks.o
 .ARM.attributes
                0x000001fe       0x33 C:\Users\sergio\Documents\LPCXpresso_8.2.2_650\workspace\CMSIS_CORE_LPC17xx\Debug\libCMSIS_CORE_LPC17xx.a(system_LPC17xx.o)
 .ARM.attributes
                0x00000231       0x33 c:/nxp/lpcxpresso_8.2.2_650/lpcxpresso/tools/bin/../lib/gcc/arm-none-eabi/5.4.1/../../../../arm-none-eabi/lib/armv7-m\libcr_c.a(memcpy.o)
 .ARM.attributes
                0x00000264       0x33 c:/nxp/lpcxpresso_8.2.2_650/lpcxpresso/tools/bin/../lib/gcc/arm-none-eabi/5.4.1/../../../../arm-none-eabi/lib/armv7-m\libcr_c.a(memset.o)
 .ARM.attributes
                0x00000297       0x33 c:/nxp/lpcxpresso_8.2.2_650/lpcxpresso/tools/bin/../lib/gcc/arm-none-eabi/5.4.1/../../../../arm-none-eabi/lib/armv7-m\libcr_c.a(__weak__main.o)
 .ARM.attributes
                0x000002ca       0x33 c:/nxp/lpcxpresso_8.2.2_650/lpcxpresso/tools/bin/../lib/gcc/arm-none-eabi/5.4.1/../../../../arm-none-eabi/lib/armv7-m\libcr_c.a(alloc.o)
 .ARM.attributes
                0x000002fd       0x33 c:/nxp/lpcxpresso_8.2.2_650/lpcxpresso/tools/bin/../lib/gcc/arm-none-eabi/5.4.1/../../../../arm-none-eabi/lib/armv7-m\libcr_c.a(itoa.o)
 .ARM.attributes
                0x00000330       0x33 c:/nxp/lpcxpresso_8.2.2_650/lpcxpresso/tools/bin/../lib/gcc/arm-none-eabi/5.4.1/../../../../arm-none-eabi/lib/armv7-m\libcr_c.a(stdlib.o)
 .ARM.attributes
                0x00000363       0x33 c:/nxp/lpcxpresso_8.2.2_650/lpcxpresso/tools/bin/../lib/gcc/arm-none-eabi/5.4.1/../../../../arm-none-eabi/lib/armv7-m\libcr_c.a(strcat.o)
 .ARM.attributes
                0x00000396       0x33 c:/nxp/lpcxpresso_8.2.2_650/lpcxpresso/tools/bin/../lib/gcc/arm-none-eabi/5.4.1/../../../../arm-none-eabi/lib/armv7-m\libcr_c.a(strlen.o)
 .ARM.attributes
                0x000003c9       0x33 c:/nxp/lpcxpresso_8.2.2_650/lpcxpresso/tools/bin/../lib/gcc/arm-none-eabi/5.4.1/../../../../arm-none-eabi/lib/armv7-m\libcr_c.a(__init_alloc.o)
 .ARM.attributes
                0x000003fc       0x33 c:/nxp/lpcxpresso_8.2.2_650/lpcxpresso/tools/bin/../lib/gcc/arm-none-eabi/5.4.1/../../../../arm-none-eabi/lib/armv7-m\libcr_c.a(_cr_sbrk.o)
 .ARM.attributes
                0x0000042f       0x33 c:/nxp/lpcxpresso_8.2.2_650/lpcxpresso/tools/bin/../lib/gcc/arm-none-eabi/5.4.1/../../../../arm-none-eabi/lib/armv7-m\libcr_c.a(errno.o)
 .ARM.attributes
                0x00000462       0x33 c:/nxp/lpcxpresso_8.2.2_650/lpcxpresso/tools/bin/../lib/gcc/arm-none-eabi/5.4.1/../../../../arm-none-eabi/lib/armv7-m\libcr_c.a(_cr_check_heap.o)
 .ARM.attributes
                0x00000495       0x21 c:/nxp/lpcxpresso_8.2.2_650/lpcxpresso/tools/bin/../lib/gcc/arm-none-eabi/5.4.1/armv7-m\libcr_eabihelpers.a(memcpy.o)

.debug_frame    0x00000000     0x208c
 .debug_frame   0x00000000      0x120 ./src/cr_startup_lpc17.o
 .debug_frame   0x00000120      0x170 ./src/main.o
 .debug_frame   0x00000290      0x3c8 ./RecTrace/trcKernelPort.o
 .debug_frame   0x00000658      0x8c8 ./RecTrace/trcSnapshotRecorder.o
 .debug_frame   0x00000f20       0x58 ./FreeRTOS/portable/heap_3.o
 .debug_frame   0x00000f78      0x160 ./FreeRTOS/portable/port.o
 .debug_frame   0x000010d8       0xd8 ./FreeRTOS/list.o
 .debug_frame   0x000011b0      0x5c8 ./FreeRTOS/queue.o
 .debug_frame   0x00001778      0x8d8 ./FreeRTOS/tasks.o
 .debug_frame   0x00002050       0x3c C:\Users\sergio\Documents\LPCXpresso_8.2.2_650\workspace\CMSIS_CORE_LPC17xx\Debug\libCMSIS_CORE_LPC17xx.a(system_LPC17xx.o)
